#-----------------------------------------------------------
# Vivado v2024.2.1 (64-bit)
# SW Build 5266912 on Sun Dec 15 09:03:31 MST 2024
# IP Build 5264866 on Sun Dec 15 16:27:47 MST 2024
# SharedData Build 5264680 on Wed Dec 11 12:48:36 MST 2024
# Start of session at: Mon Jan 13 17:24:00 2025
# Process ID         : 12490
# Current directory  : /mnt/CONTMP/home/ladon/contmp/zynq/hdmi/aaaa_ex
# Command line       : vivado -notrace -source /mnt/CONTMP/home/ladon/contmp/zynq/hdmi/.vivado/.Xil/aaaa/aaaa_ex.tcl
# Log file           : /mnt/CONTMP/home/ladon/contmp/zynq/hdmi/aaaa_ex/vivado.log
# Journal file       : /mnt/CONTMP/home/ladon/contmp/zynq/hdmi/aaaa_ex/vivado.jou
# Running On         : Electryc
# Platform           : Gentoo
# Operating System   : Gentoo Linux
# Processor Detail   : Intel(R) Core(TM) i5-5200U CPU @ 2.20GHz
# CPU Frequency      : 2494.641 MHz
# CPU Physical cores : 2
# CPU Logical cores  : 4
# Host memory        : 12480 MB
# Swap memory        : 23622 MB
# Total Virtual      : 36102 MB
# Available Virtual  : 30059 MB
#-----------------------------------------------------------
start_gui
source /mnt/CONTMP/home/ladon/contmp/zynq/hdmi/.vivado/.Xil/aaaa/aaaa_ex.tcl -notrace
update_compile_order -fileset sources_1
launch_simulation
source aaaa_exdes_tb.tcl
close_sim
close_project
